// Jest Snapshot v1, https://goo.gl/fbAQLP

exports[`TextWidget renders a text view widget component 1`] = `
<span
  className="metadata text widget"
>
  Foo bar
</span>
`;
