// Jest Snapshot v1, https://goo.gl/fbAQLP

exports[`TokenWidget renders view widget based on @plone/volto Tags component 1`] = `
<div
  className="meta tags token widget"
>
  <div
    className="ui container tags"
  >
    <a
      className="ui label"
      href="/search?Subject=foo"
      onClick={[Function]}
    >
      foo
    </a>
    <a
      className="ui label"
      href="/search?Subject=bar"
      onClick={[Function]}
    >
      bar
    </a>
  </div>
</div>
`;
